// Vitest Snapshot v1, https://vitest.dev/guide/snapshot.html

exports[`JS Config > should match the rules snapshot 1`] = `
{
  "@eslint-community/eslint-comments/disable-enable-pair": [
    2,
  ],
  "@eslint-community/eslint-comments/no-aggregating-enable": [
    2,
  ],
  "@eslint-community/eslint-comments/no-duplicate-disable": [
    2,
  ],
  "@eslint-community/eslint-comments/no-unlimited-disable": [
    2,
  ],
  "@eslint-community/eslint-comments/no-unused-enable": [
    2,
  ],
  "@stylistic/js/array-bracket-newline": [
    2,
    {
      "multiline": true,
    },
  ],
  "@stylistic/js/array-bracket-spacing": [
    2,
    "always",
    {
      "arraysInArrays": false,
      "objectsInArrays": false,
      "singleValue": false,
    },
  ],
  "@stylistic/js/array-element-newline": [
    2,
    {
      "minItems": 3,
      "multiline": true,
    },
  ],
  "@stylistic/js/arrow-parens": [
    2,
    "always",
  ],
  "@stylistic/js/arrow-spacing": [
    2,
    {
      "after": true,
      "before": true,
    },
  ],
  "@stylistic/js/block-spacing": [
    2,
    "always",
  ],
  "@stylistic/js/brace-style": [
    2,
    "1tbs",
  ],
  "@stylistic/js/comma-dangle": [
    2,
    "always-multiline",
  ],
  "@stylistic/js/comma-spacing": [
    2,
  ],
  "@stylistic/js/comma-style": [
    2,
  ],
  "@stylistic/js/computed-property-spacing": [
    2,
    "never",
  ],
  "@stylistic/js/dot-location": [
    2,
    "property",
  ],
  "@stylistic/js/eol-last": [
    2,
    "always",
  ],
  "@stylistic/js/func-call-spacing": [
    2,
    "never",
  ],
  "@stylistic/js/function-call-argument-newline": [
    2,
    "consistent",
  ],
  "@stylistic/js/function-paren-newline": [
    2,
    "multiline",
  ],
  "@stylistic/js/generator-star-spacing": [
    2,
    {
      "after": false,
      "before": true,
    },
  ],
  "@stylistic/js/implicit-arrow-linebreak": [
    2,
    "beside",
  ],
  "@stylistic/js/indent": [
    2,
    2,
    {
      "ArrayExpression": 1,
      "CallExpression": {
        "arguments": 1,
      },
      "FunctionDeclaration": {
        "body": 1,
        "parameters": 1,
      },
      "FunctionExpression": {
        "body": 1,
        "parameters": 1,
      },
      "ImportDeclaration": 1,
      "MemberExpression": 1,
      "ObjectExpression": 1,
      "StaticBlock": {
        "body": 1,
      },
      "SwitchCase": 1,
      "flatTernaryExpressions": true,
      "ignoreComments": false,
      "ignoredNodes": [
        "ConditionalExpression",
      ],
      "offsetTernaryExpressions": false,
      "offsetTernaryExpressionsOffsetCallExpressions": true,
      "tabLength": 2,
    },
  ],
  "@stylistic/js/key-spacing": [
    2,
    {
      "afterColon": true,
      "beforeColon": false,
      "mode": "strict",
    },
  ],
  "@stylistic/js/keyword-spacing": [
    2,
    {
      "after": true,
      "before": true,
    },
  ],
  "@stylistic/js/linebreak-style": [
    2,
    "unix",
  ],
  "@stylistic/js/lines-between-class-members": [
    2,
    "always",
  ],
  "@stylistic/js/max-len": [
    0,
  ],
  "@stylistic/js/multiline-comment-style": [
    2,
    "separate-lines",
  ],
  "@stylistic/js/new-parens": [
    2,
  ],
  "@stylistic/js/newline-per-chained-call": [
    2,
    {
      "ignoreChainWithDepth": 2,
    },
  ],
  "@stylistic/js/no-confusing-arrow": [
    2,
  ],
  "@stylistic/js/no-extra-semi": [
    2,
  ],
  "@stylistic/js/no-floating-decimal": [
    2,
  ],
  "@stylistic/js/no-mixed-operators": [
    2,
  ],
  "@stylistic/js/no-mixed-spaces-and-tabs": [
    2,
  ],
  "@stylistic/js/no-multi-spaces": [
    2,
  ],
  "@stylistic/js/no-multiple-empty-lines": [
    2,
    {
      "max": 2,
      "maxEOF": 1,
    },
  ],
  "@stylistic/js/no-tabs": [
    2,
  ],
  "@stylistic/js/no-trailing-spaces": [
    2,
  ],
  "@stylistic/js/no-whitespace-before-property": [
    2,
  ],
  "@stylistic/js/nonblock-statement-body-position": [
    2,
    "beside",
  ],
  "@stylistic/js/object-curly-newline": [
    2,
    {
      "ExportDeclaration": "always",
      "ImportDeclaration": "always",
      "ObjectExpression": {
        "minProperties": 1,
        "multiline": true,
      },
      "ObjectPattern": {
        "consistent": true,
        "minProperties": 1,
      },
    },
  ],
  "@stylistic/js/object-curly-spacing": [
    2,
    "always",
    {
      "arraysInObjects": false,
      "objectsInObjects": false,
    },
  ],
  "@stylistic/js/object-property-newline": [
    2,
  ],
  "@stylistic/js/one-var-declaration-per-line": [
    2,
  ],
  "@stylistic/js/operator-linebreak": [
    2,
    "before",
  ],
  "@stylistic/js/padded-blocks": [
    2,
    "never",
  ],
  "@stylistic/js/padding-line-between-statements": [
    2,
    {
      "blankLine": "always",
      "next": "*",
      "prev": [
        "directive",
      ],
    },
    {
      "blankLine": "any",
      "next": [
        "directive",
      ],
      "prev": [
        "directive",
      ],
    },
    {
      "blankLine": "always",
      "next": "*",
      "prev": [
        "const",
        "let",
      ],
    },
    {
      "blankLine": "any",
      "next": [
        "const",
        "let",
      ],
      "prev": [
        "const",
        "let",
      ],
    },
    {
      "blankLine": "always",
      "next": "*",
      "prev": [
        "import",
      ],
    },
    {
      "blankLine": "any",
      "next": [
        "import",
      ],
      "prev": [
        "import",
      ],
    },
    {
      "blankLine": "always",
      "next": [
        "export",
      ],
      "prev": "*",
    },
    {
      "blankLine": "any",
      "next": [
        "export",
      ],
      "prev": [
        "export",
      ],
    },
  ],
  "@stylistic/js/quote-props": [
    2,
    "as-needed",
  ],
  "@stylistic/js/quotes": [
    2,
    "single",
  ],
  "@stylistic/js/rest-spread-spacing": [
    2,
    "never",
  ],
  "@stylistic/js/semi": [
    2,
    "always",
  ],
  "@stylistic/js/semi-spacing": [
    2,
    {
      "after": true,
      "before": false,
    },
  ],
  "@stylistic/js/semi-style": [
    2,
    "last",
  ],
  "@stylistic/js/space-before-blocks": [
    2,
    "always",
  ],
  "@stylistic/js/space-before-function-paren": [
    2,
    "never",
  ],
  "@stylistic/js/space-in-parens": [
    2,
    "never",
  ],
  "@stylistic/js/space-infix-ops": [
    2,
  ],
  "@stylistic/js/space-unary-ops": [
    2,
    {
      "nonwords": true,
      "overrides": {
        "!": false,
        "+": false,
        "++": false,
        "-": false,
        "--": false,
      },
      "words": true,
    },
  ],
  "@stylistic/js/spaced-comment": [
    2,
    "always",
  ],
  "@stylistic/js/switch-colon-spacing": [
    2,
    {
      "after": true,
      "before": false,
    },
  ],
  "@stylistic/js/template-curly-spacing": [
    2,
    "always",
  ],
  "@stylistic/js/template-tag-spacing": [
    2,
    "always",
  ],
  "@stylistic/js/wrap-regex": [
    2,
  ],
  "@stylistic/js/yield-star-spacing": [
    2,
    "after",
  ],
  "accessor-pairs": [
    2,
    {
      "enforceForClassMembers": true,
      "getWithoutSet": false,
      "setWithoutGet": true,
    },
  ],
  "array-callback-return": [
    2,
    {
      "allowImplicit": false,
      "allowVoid": false,
      "checkForEach": false,
    },
  ],
  "array-func/avoid-reverse": [
    2,
  ],
  "array-func/no-unnecessary-this-arg": [
    2,
  ],
  "array-func/prefer-flat": [
    2,
  ],
  "array-func/prefer-flat-map": [
    2,
  ],
  "block-scoped-var": [
    2,
  ],
  "camelcase": [
    2,
    {
      "allow": [],
      "ignoreDestructuring": false,
      "ignoreGlobals": false,
      "ignoreImports": false,
      "properties": "always",
    },
  ],
  "consistent-return": [
    2,
    {
      "treatUndefinedAsUnspecified": true,
    },
  ],
  "constructor-super": [
    2,
  ],
  "curly": [
    2,
    "multi-line",
  ],
  "default-case": [
    2,
    {},
  ],
  "default-case-last": [
    2,
  ],
  "dot-notation": [
    2,
    {
      "allowKeywords": true,
      "allowPattern": "",
    },
  ],
  "eqeqeq": [
    2,
    "always",
  ],
  "for-direction": [
    2,
  ],
  "getter-return": [
    2,
    {
      "allowImplicit": false,
    },
  ],
  "grouped-accessor-pairs": [
    2,
    "anyOrder",
  ],
  "guard-for-in": [
    2,
  ],
  "import/default": [
    2,
  ],
  "import/export": [
    2,
  ],
  "import/exports-last": [
    2,
  ],
  "import/extensions": [
    2,
    "ignorePackages",
  ],
  "import/first": [
    2,
  ],
  "import/group-exports": [
    2,
  ],
  "import/named": [
    2,
  ],
  "import/namespace": [
    2,
  ],
  "import/no-amd": [
    2,
  ],
  "import/no-anonymous-default-export": [
    2,
    {
      "allowArray": true,
      "allowLiteral": true,
      "allowObject": true,
    },
  ],
  "import/no-commonjs": [
    2,
  ],
  "import/no-cycle": [
    2,
    {
      "allowUnsafeDynamicCyclicDependency": false,
      "disableScc": false,
      "ignoreExternal": true,
    },
  ],
  "import/no-deprecated": [
    2,
  ],
  "import/no-duplicates": [
    2,
  ],
  "import/no-dynamic-require": [
    2,
  ],
  "import/no-empty-named-blocks": [
    2,
  ],
  "import/no-extraneous-dependencies": [
    2,
    {
      "devDependencies": [
        "**/*.spec.js",
        "eslint.config.js",
        "vitest.config.js",
        "test/setup/**/*.js",
      ],
    },
  ],
  "import/no-import-module-exports": [
    2,
  ],
  "import/no-mutable-exports": [
    2,
  ],
  "import/no-named-as-default-member": [
    2,
  ],
  "import/no-named-default": [
    2,
  ],
  "import/no-self-import": [
    2,
  ],
  "import/no-unassigned-import": [
    2,
    {
      "allow": [
        "*.css",
        "**/*.css",
        "*.sass",
        "**/*.sass",
        "*.scss",
        "**/*.scss",
      ],
    },
  ],
  "import/no-unresolved": [
    2,
    {
      "caseSensitive": true,
      "caseSensitiveStrict": false,
      "ignore": [
        "vitest/config",
      ],
    },
  ],
  "import/no-useless-path-segments": [
    2,
  ],
  "import/order": [
    2,
    {
      "distinctGroup": true,
      "groups": [
        "builtin",
        "external",
        "internal",
        "unknown",
        "parent",
        "sibling",
        "index",
      ],
      "named": false,
      "newlines-between": "always",
      "warnOnUnassignedImports": false,
    },
  ],
  "import/prefer-default-export": [
    0,
  ],
  "n/callback-return": [
    2,
    [
      "callback",
      "cb",
      "done",
      "next",
    ],
  ],
  "n/file-extension-in-import": [
    2,
    "always",
  ],
  "n/handle-callback-err": [
    2,
  ],
  "n/no-deprecated-api": [
    2,
  ],
  "n/no-extraneous-import": [
    2,
  ],
  "n/no-missing-import": [
    2,
  ],
  "n/no-path-concat": [
    2,
  ],
  "n/no-sync": [
    2,
  ],
  "n/no-unpublished-bin": [
    2,
  ],
  "n/no-unpublished-import": [
    2,
  ],
  "n/no-unsupported-features/es-builtins": [
    2,
  ],
  "n/no-unsupported-features/es-syntax": [
    2,
  ],
  "n/no-unsupported-features/node-builtins": [
    2,
  ],
  "n/prefer-global/buffer": [
    2,
    "always",
  ],
  "n/prefer-global/console": [
    2,
    "always",
  ],
  "n/prefer-global/process": [
    2,
    "always",
  ],
  "n/prefer-global/text-decoder": [
    2,
    "never",
  ],
  "n/prefer-global/text-encoder": [
    2,
    "never",
  ],
  "n/prefer-global/url": [
    2,
    "never",
  ],
  "n/prefer-global/url-search-params": [
    2,
    "never",
  ],
  "n/prefer-node-protocol": [
    2,
  ],
  "n/prefer-promises/dns": [
    2,
  ],
  "n/prefer-promises/fs": [
    2,
  ],
  "new-cap": [
    2,
    {
      "capIsNew": true,
      "capIsNewExceptions": [
        "Array",
        "Boolean",
        "Date",
        "Error",
        "Function",
        "Number",
        "Object",
        "RegExp",
        "String",
        "Symbol",
        "BigInt",
      ],
      "newIsCap": true,
      "newIsCapExceptions": [],
      "properties": true,
    },
  ],
  "no-alert": [
    2,
  ],
  "no-array-constructor": [
    2,
  ],
  "no-async-promise-executor": [
    2,
  ],
  "no-caller": [
    2,
  ],
  "no-case-declarations": [
    2,
  ],
  "no-class-assign": [
    2,
  ],
  "no-compare-neg-zero": [
    2,
  ],
  "no-cond-assign": [
    2,
    "except-parens",
  ],
  "no-const-assign": [
    2,
  ],
  "no-constant-binary-expression": [
    2,
  ],
  "no-constant-condition": [
    2,
    {
      "checkLoops": "allExceptWhileTrue",
    },
  ],
  "no-constructor-return": [
    2,
  ],
  "no-continue": [
    2,
  ],
  "no-control-regex": [
    2,
  ],
  "no-debugger": [
    2,
  ],
  "no-delete-var": [
    2,
  ],
  "no-dupe-args": [
    2,
  ],
  "no-dupe-class-members": [
    2,
  ],
  "no-dupe-else-if": [
    2,
  ],
  "no-dupe-keys": [
    2,
  ],
  "no-duplicate-case": [
    2,
  ],
  "no-duplicate-imports": [
    2,
    {
      "includeExports": false,
    },
  ],
  "no-else-return": [
    2,
    {
      "allowElseIf": true,
    },
  ],
  "no-empty": [
    2,
    {
      "allowEmptyCatch": false,
    },
  ],
  "no-empty-character-class": [
    0,
  ],
  "no-empty-function": [
    2,
    {
      "allow": [],
    },
  ],
  "no-empty-pattern": [
    2,
    {
      "allowObjectPatternsAsParameters": false,
    },
  ],
  "no-empty-static-block": [
    2,
  ],
  "no-eq-null": [
    2,
  ],
  "no-eval": [
    2,
    {
      "allowIndirect": false,
    },
  ],
  "no-ex-assign": [
    2,
  ],
  "no-extend-native": [
    2,
    {
      "exceptions": [],
    },
  ],
  "no-extra-bind": [
    2,
  ],
  "no-extra-boolean-cast": [
    2,
    {},
  ],
  "no-fallthrough": [
    2,
    {
      "allowEmptyCase": false,
      "reportUnusedFallthroughComment": false,
    },
  ],
  "no-func-assign": [
    2,
  ],
  "no-global-assign": [
    2,
    {
      "exceptions": [],
    },
  ],
  "no-implicit-coercion": [
    2,
    {
      "allow": [],
      "boolean": true,
      "disallowTemplateShorthand": false,
      "number": true,
      "string": true,
    },
  ],
  "no-implicit-globals": [
    2,
    {
      "lexicalBindings": false,
    },
  ],
  "no-implied-eval": [
    2,
  ],
  "no-import-assign": [
    2,
  ],
  "no-inner-declarations": [
    2,
    "functions",
    {
      "blockScopedFunctions": "allow",
    },
  ],
  "no-invalid-regexp": [
    0,
    {},
  ],
  "no-invalid-this": [
    2,
    {
      "capIsConstructor": true,
    },
  ],
  "no-irregular-whitespace": [
    2,
    {
      "skipComments": false,
      "skipJSXText": false,
      "skipRegExps": false,
      "skipStrings": true,
      "skipTemplates": false,
    },
  ],
  "no-iterator": [
    2,
  ],
  "no-labels": [
    2,
    {
      "allowLoop": false,
      "allowSwitch": false,
    },
  ],
  "no-lone-blocks": [
    2,
  ],
  "no-lonely-if": [
    2,
  ],
  "no-loss-of-precision": [
    2,
  ],
  "no-misleading-character-class": [
    2,
  ],
  "no-multi-assign": [
    2,
    {
      "ignoreNonDeclaration": false,
    },
  ],
  "no-multi-str": [
    2,
  ],
  "no-new": [
    2,
  ],
  "no-new-func": [
    2,
  ],
  "no-new-native-nonconstructor": [
    2,
  ],
  "no-new-wrappers": [
    2,
  ],
  "no-nonoctal-decimal-escape": [
    2,
  ],
  "no-obj-calls": [
    2,
  ],
  "no-object-constructor": [
    2,
  ],
  "no-octal": [
    2,
  ],
  "no-octal-escape": [
    2,
  ],
  "no-promise-executor-return": [
    2,
    {
      "allowVoid": false,
    },
  ],
  "no-proto": [
    2,
  ],
  "no-prototype-builtins": [
    2,
  ],
  "no-redeclare": [
    2,
    {
      "builtinGlobals": true,
    },
  ],
  "no-regex-spaces": [
    2,
  ],
  "no-return-assign": [
    2,
    "except-parens",
  ],
  "no-script-url": [
    2,
  ],
  "no-self-assign": [
    2,
    {
      "props": true,
    },
  ],
  "no-self-compare": [
    2,
  ],
  "no-sequences": [
    2,
    {
      "allowInParentheses": true,
    },
  ],
  "no-setter-return": [
    2,
  ],
  "no-shadow": [
    2,
    {
      "allow": [],
      "builtinGlobals": false,
      "hoist": "functions",
      "ignoreOnInitialization": false,
    },
  ],
  "no-shadow-restricted-names": [
    2,
  ],
  "no-sparse-arrays": [
    2,
  ],
  "no-template-curly-in-string": [
    2,
  ],
  "no-this-before-super": [
    2,
  ],
  "no-throw-literal": [
    2,
  ],
  "no-undef": [
    2,
    {
      "typeof": false,
    },
  ],
  "no-undef-init": [
    2,
  ],
  "no-underscore-dangle": [
    2,
    {
      "allow": [],
      "allowAfterSuper": true,
      "allowAfterThis": true,
      "allowAfterThisConstructor": false,
      "allowFunctionParams": true,
      "allowInArrayDestructuring": true,
      "allowInObjectDestructuring": true,
      "enforceInClassFields": false,
      "enforceInMethodNames": false,
    },
  ],
  "no-unexpected-multiline": [
    2,
  ],
  "no-unneeded-ternary": [
    2,
    {
      "defaultAssignment": true,
    },
  ],
  "no-unreachable": [
    2,
  ],
  "no-unreachable-loop": [
    2,
    {
      "ignore": [],
    },
  ],
  "no-unsafe-finally": [
    2,
  ],
  "no-unsafe-negation": [
    2,
    {
      "enforceForOrderingRelations": false,
    },
  ],
  "no-unsafe-optional-chaining": [
    2,
    {
      "disallowArithmeticOperators": false,
    },
  ],
  "no-unused-expressions": [
    2,
    {
      "allowShortCircuit": true,
      "allowTaggedTemplates": false,
      "allowTernary": true,
      "enforceForJSX": false,
    },
  ],
  "no-unused-labels": [
    2,
  ],
  "no-unused-private-class-members": [
    2,
  ],
  "no-unused-vars": [
    2,
    {
      "args": "none",
      "caughtErrors": "none",
    },
  ],
  "no-use-before-define": [
    2,
    {
      "allowNamedExports": false,
      "classes": true,
      "functions": true,
      "variables": true,
    },
  ],
  "no-useless-backreference": [
    0,
  ],
  "no-useless-call": [
    2,
  ],
  "no-useless-catch": [
    2,
  ],
  "no-useless-computed-key": [
    2,
    {
      "enforceForClassMembers": true,
    },
  ],
  "no-useless-concat": [
    2,
  ],
  "no-useless-constructor": [
    2,
  ],
  "no-useless-escape": [
    2,
  ],
  "no-useless-rename": [
    2,
    {
      "ignoreDestructuring": false,
      "ignoreExport": false,
      "ignoreImport": false,
    },
  ],
  "no-useless-return": [
    2,
  ],
  "no-var": [
    2,
  ],
  "no-void": [
    2,
    {
      "allowAsStatement": false,
    },
  ],
  "no-warning-comments": [
    2,
    {
      "location": "start",
      "terms": [
        "todo",
        "fixme",
        "xxx",
      ],
    },
  ],
  "no-with": [
    2,
  ],
  "object-shorthand": [
    2,
  ],
  "one-var": [
    2,
    "never",
  ],
  "optimize-regex/optimize-regex": [
    1,
    {
      "blacklist": [
        "charClassClassrangesMerge",
      ],
    },
  ],
  "prefer-arrow-callback": [
    2,
    {
      "allowNamedFunctions": true,
      "allowUnboundThis": true,
    },
  ],
  "prefer-const": [
    2,
    {
      "destructuring": "all",
      "ignoreReadBeforeAssign": false,
    },
  ],
  "prefer-exponentiation-operator": [
    2,
  ],
  "prefer-object-has-own": [
    2,
  ],
  "prefer-object-spread": [
    2,
  ],
  "prefer-promise-reject-errors": [
    2,
    {
      "allowEmptyReject": false,
    },
  ],
  "prefer-regex-literals": [
    2,
    {
      "disallowRedundantWrapping": false,
    },
  ],
  "prefer-rest-params": [
    2,
  ],
  "prefer-spread": [
    2,
  ],
  "prefer-template": [
    2,
  ],
  "radix": [
    2,
    "always",
  ],
  "regexp/confusing-quantifier": [
    1,
  ],
  "regexp/control-character-escape": [
    2,
  ],
  "regexp/match-any": [
    2,
  ],
  "regexp/negation": [
    2,
  ],
  "regexp/no-contradiction-with-assertion": [
    2,
  ],
  "regexp/no-dupe-characters-character-class": [
    2,
  ],
  "regexp/no-dupe-disjunctions": [
    2,
  ],
  "regexp/no-empty-alternative": [
    1,
  ],
  "regexp/no-empty-capturing-group": [
    2,
  ],
  "regexp/no-empty-character-class": [
    2,
  ],
  "regexp/no-empty-group": [
    2,
  ],
  "regexp/no-empty-lookarounds-assertion": [
    2,
  ],
  "regexp/no-empty-string-literal": [
    2,
  ],
  "regexp/no-escape-backspace": [
    2,
  ],
  "regexp/no-extra-lookaround-assertions": [
    2,
  ],
  "regexp/no-invalid-regexp": [
    2,
  ],
  "regexp/no-invisible-character": [
    2,
  ],
  "regexp/no-lazy-ends": [
    1,
  ],
  "regexp/no-legacy-features": [
    2,
  ],
  "regexp/no-misleading-capturing-group": [
    2,
  ],
  "regexp/no-misleading-unicode-character": [
    2,
  ],
  "regexp/no-missing-g-flag": [
    2,
  ],
  "regexp/no-non-standard-flag": [
    2,
  ],
  "regexp/no-obscure-range": [
    2,
  ],
  "regexp/no-optional-assertion": [
    2,
  ],
  "regexp/no-potentially-useless-backreference": [
    1,
  ],
  "regexp/no-super-linear-backtracking": [
    2,
  ],
  "regexp/no-trivially-nested-assertion": [
    2,
  ],
  "regexp/no-trivially-nested-quantifier": [
    2,
  ],
  "regexp/no-unused-capturing-group": [
    2,
  ],
  "regexp/no-useless-assertions": [
    2,
  ],
  "regexp/no-useless-backreference": [
    2,
  ],
  "regexp/no-useless-character-class": [
    2,
  ],
  "regexp/no-useless-dollar-replacements": [
    2,
  ],
  "regexp/no-useless-escape": [
    2,
  ],
  "regexp/no-useless-flag": [
    1,
  ],
  "regexp/no-useless-lazy": [
    2,
  ],
  "regexp/no-useless-non-capturing-group": [
    2,
  ],
  "regexp/no-useless-quantifier": [
    2,
  ],
  "regexp/no-useless-range": [
    2,
  ],
  "regexp/no-useless-set-operand": [
    2,
  ],
  "regexp/no-useless-string-literal": [
    2,
  ],
  "regexp/no-useless-two-nums-quantifier": [
    2,
  ],
  "regexp/no-zero-quantifier": [
    2,
  ],
  "regexp/optimal-lookaround-quantifier": [
    1,
  ],
  "regexp/optimal-quantifier-concatenation": [
    2,
  ],
  "regexp/prefer-character-class": [
    2,
  ],
  "regexp/prefer-d": [
    2,
  ],
  "regexp/prefer-plus-quantifier": [
    2,
  ],
  "regexp/prefer-predefined-assertion": [
    2,
  ],
  "regexp/prefer-question-quantifier": [
    2,
  ],
  "regexp/prefer-range": [
    2,
  ],
  "regexp/prefer-set-operation": [
    2,
  ],
  "regexp/prefer-star-quantifier": [
    2,
  ],
  "regexp/prefer-unicode-codepoint-escapes": [
    2,
  ],
  "regexp/prefer-w": [
    2,
  ],
  "regexp/simplify-set-operations": [
    2,
  ],
  "regexp/sort-flags": [
    2,
  ],
  "regexp/strict": [
    2,
  ],
  "regexp/use-ignore-case": [
    2,
  ],
  "require-unicode-regexp": [
    2,
  ],
  "require-yield": [
    2,
  ],
  "security/detect-bidi-characters": [
    2,
  ],
  "security/detect-buffer-noassert": [
    2,
  ],
  "security/detect-child-process": [
    2,
  ],
  "security/detect-disable-mustache-escape": [
    2,
  ],
  "security/detect-eval-with-expression": [
    2,
  ],
  "security/detect-new-buffer": [
    2,
  ],
  "security/detect-no-csrf-before-method-override": [
    2,
  ],
  "security/detect-non-literal-fs-filename": [
    2,
  ],
  "security/detect-non-literal-regexp": [
    2,
  ],
  "security/detect-non-literal-require": [
    2,
  ],
  "security/detect-possible-timing-attacks": [
    2,
  ],
  "security/detect-pseudoRandomBytes": [
    2,
  ],
  "security/detect-unsafe-regex": [
    2,
  ],
  "sonarjs/cognitive-complexity": [
    0,
  ],
  "sonarjs/elseif-without-else": [
    0,
  ],
  "sonarjs/max-switch-cases": [
    2,
  ],
  "sonarjs/no-all-duplicated-branches": [
    2,
  ],
  "sonarjs/no-collapsible-if": [
    2,
  ],
  "sonarjs/no-collection-size-mischeck": [
    2,
  ],
  "sonarjs/no-duplicate-string": [
    0,
  ],
  "sonarjs/no-duplicated-branches": [
    2,
  ],
  "sonarjs/no-element-overwrite": [
    2,
  ],
  "sonarjs/no-empty-collection": [
    2,
  ],
  "sonarjs/no-extra-arguments": [
    2,
  ],
  "sonarjs/no-gratuitous-expressions": [
    2,
  ],
  "sonarjs/no-identical-conditions": [
    2,
  ],
  "sonarjs/no-identical-expressions": [
    2,
  ],
  "sonarjs/no-identical-functions": [
    2,
  ],
  "sonarjs/no-ignored-return": [
    2,
  ],
  "sonarjs/no-inverted-boolean-check": [
    0,
  ],
  "sonarjs/no-nested-switch": [
    2,
  ],
  "sonarjs/no-nested-template-literals": [
    0,
  ],
  "sonarjs/no-one-iteration-loop": [
    2,
  ],
  "sonarjs/no-redundant-boolean": [
    0,
  ],
  "sonarjs/no-redundant-jump": [
    2,
  ],
  "sonarjs/no-same-line-conditional": [
    2,
  ],
  "sonarjs/no-small-switch": [
    2,
  ],
  "sonarjs/no-unused-collection": [
    2,
  ],
  "sonarjs/no-use-of-empty-return-value": [
    2,
  ],
  "sonarjs/no-useless-catch": [
    2,
  ],
  "sonarjs/non-existent-operator": [
    2,
  ],
  "sonarjs/prefer-immediate-return": [
    2,
  ],
  "sonarjs/prefer-object-literal": [
    2,
  ],
  "sonarjs/prefer-single-boolean-return": [
    0,
  ],
  "sonarjs/prefer-while": [
    2,
  ],
  "sort-imports": [
    0,
    {
      "allowSeparatedGroups": false,
      "ignoreCase": false,
      "ignoreDeclarationSort": false,
      "ignoreMemberSort": false,
      "memberSyntaxSortOrder": [
        "none",
        "all",
        "multiple",
        "single",
      ],
    },
  ],
  "sort-vars": [
    2,
    {
      "ignoreCase": false,
    },
  ],
  "symbol-description": [
    2,
  ],
  "unicorn/better-regex": [
    2,
    {
      "sortCharacterClasses": true,
    },
  ],
  "unicorn/catch-error-name": [
    2,
    {
      "name": "err",
    },
  ],
  "unicorn/consistent-assert": [
    2,
  ],
  "unicorn/consistent-date-clone": [
    2,
  ],
  "unicorn/consistent-empty-array-spread": [
    2,
  ],
  "unicorn/consistent-function-scoping": [
    2,
    {
      "checkArrowFunctions": true,
    },
  ],
  "unicorn/custom-error-definition": [
    2,
  ],
  "unicorn/empty-brace-spaces": [
    2,
  ],
  "unicorn/error-message": [
    2,
  ],
  "unicorn/escape-case": [
    2,
    "uppercase",
  ],
  "unicorn/filename-case": [
    2,
  ],
  "unicorn/new-for-builtins": [
    2,
  ],
  "unicorn/no-abusive-eslint-disable": [
    2,
  ],
  "unicorn/no-accessor-recursion": [
    2,
  ],
  "unicorn/no-array-for-each": [
    2,
  ],
  "unicorn/no-array-method-this-argument": [
    2,
  ],
  "unicorn/no-document-cookie": [
    2,
  ],
  "unicorn/no-empty-file": [
    2,
  ],
  "unicorn/no-for-loop": [
    2,
  ],
  "unicorn/no-hex-escape": [
    2,
  ],
  "unicorn/no-invalid-fetch-options": [
    2,
  ],
  "unicorn/no-invalid-remove-event-listener": [
    2,
  ],
  "unicorn/no-magic-array-flat-depth": [
    2,
  ],
  "unicorn/no-new-array": [
    2,
  ],
  "unicorn/no-new-buffer": [
    2,
  ],
  "unicorn/no-process-exit": [
    2,
  ],
  "unicorn/no-single-promise-in-promise-methods": [
    2,
  ],
  "unicorn/no-static-only-class": [
    2,
  ],
  "unicorn/no-thenable": [
    2,
  ],
  "unicorn/no-this-assignment": [
    2,
  ],
  "unicorn/no-typeof-undefined": [
    2,
    {
      "checkGlobalVariables": false,
    },
  ],
  "unicorn/no-unnecessary-slice-end": [
    2,
  ],
  "unicorn/no-unreadable-array-destructuring": [
    2,
  ],
  "unicorn/no-unreadable-iife": [
    2,
  ],
  "unicorn/no-unused-properties": [
    2,
  ],
  "unicorn/no-useless-length-check": [
    2,
  ],
  "unicorn/no-useless-promise-resolve-reject": [
    2,
  ],
  "unicorn/no-useless-spread": [
    2,
  ],
  "unicorn/no-useless-switch-case": [
    2,
  ],
  "unicorn/no-useless-undefined": [
    2,
    {},
  ],
  "unicorn/no-zero-fractions": [
    2,
  ],
  "unicorn/number-literal-case": [
    2,
    {
      "hexadecimalValue": "uppercase",
    },
  ],
  "unicorn/prefer-add-event-listener": [
    2,
    {},
  ],
  "unicorn/prefer-array-find": [
    2,
    {
      "checkFromLast": true,
    },
  ],
  "unicorn/prefer-array-flat": [
    2,
    {},
  ],
  "unicorn/prefer-array-flat-map": [
    2,
  ],
  "unicorn/prefer-array-some": [
    2,
  ],
  "unicorn/prefer-blob-reading-methods": [
    2,
  ],
  "unicorn/prefer-code-point": [
    2,
  ],
  "unicorn/prefer-date-now": [
    2,
  ],
  "unicorn/prefer-dom-node-append": [
    2,
  ],
  "unicorn/prefer-dom-node-dataset": [
    2,
  ],
  "unicorn/prefer-dom-node-remove": [
    2,
  ],
  "unicorn/prefer-dom-node-text-content": [
    2,
  ],
  "unicorn/prefer-event-target": [
    2,
  ],
  "unicorn/prefer-export-from": [
    2,
    {
      "ignoreUsedVariables": false,
    },
  ],
  "unicorn/prefer-includes": [
    2,
  ],
  "unicorn/prefer-keyboard-event-key": [
    2,
  ],
  "unicorn/prefer-logical-operator-over-ternary": [
    2,
  ],
  "unicorn/prefer-math-trunc": [
    2,
  ],
  "unicorn/prefer-modern-dom-apis": [
    2,
  ],
  "unicorn/prefer-modern-math-apis": [
    2,
  ],
  "unicorn/prefer-module": [
    2,
  ],
  "unicorn/prefer-node-protocol": [
    2,
  ],
  "unicorn/prefer-number-properties": [
    2,
    {
      "checkInfinity": false,
      "checkNaN": true,
    },
  ],
  "unicorn/prefer-object-from-entries": [
    2,
    {},
  ],
  "unicorn/prefer-prototype-methods": [
    2,
  ],
  "unicorn/prefer-query-selector": [
    2,
  ],
  "unicorn/prefer-reflect-apply": [
    2,
  ],
  "unicorn/prefer-regexp-test": [
    2,
  ],
  "unicorn/prefer-set-size": [
    2,
  ],
  "unicorn/prefer-single-call": [
    2,
    {},
  ],
  "unicorn/prefer-spread": [
    2,
  ],
  "unicorn/prefer-string-raw": [
    2,
  ],
  "unicorn/prefer-string-replace-all": [
    2,
  ],
  "unicorn/prefer-string-slice": [
    2,
  ],
  "unicorn/prefer-string-starts-ends-with": [
    2,
  ],
  "unicorn/prefer-string-trim-start-end": [
    2,
  ],
  "unicorn/prefer-structured-clone": [
    2,
    {},
  ],
  "unicorn/prefer-switch": [
    2,
    {
      "emptyDefaultCase": "no-default-comment",
      "minimumCases": 3,
    },
  ],
  "unicorn/prefer-type-error": [
    2,
  ],
  "unicorn/require-array-join-separator": [
    2,
  ],
  "unicorn/require-number-to-fixed-digits-argument": [
    2,
  ],
  "unicorn/require-post-message-target-origin": [
    2,
  ],
  "unicorn/text-encoding-identifier-case": [
    2,
  ],
  "unicorn/throw-new-error": [
    2,
  ],
  "use-isnan": [
    2,
    {
      "enforceForIndexOf": false,
      "enforceForSwitchCase": true,
    },
  ],
  "valid-typeof": [
    2,
    {
      "requireStringLiterals": true,
    },
  ],
  "vue/attribute-hyphenation": [
    1,
  ],
  "vue/component-definition-name-casing": [
    1,
  ],
  "vue/first-attribute-linebreak": [
    1,
  ],
  "vue/html-closing-bracket-newline": [
    1,
  ],
  "vue/html-closing-bracket-spacing": [
    1,
  ],
  "vue/html-end-tags": [
    1,
  ],
  "vue/html-indent": [
    1,
  ],
  "vue/html-quotes": [
    1,
  ],
  "vue/html-self-closing": [
    1,
  ],
  "vue/max-attributes-per-line": [
    1,
  ],
  "vue/multi-word-component-names": [
    2,
  ],
  "vue/multiline-html-element-content-newline": [
    1,
  ],
  "vue/mustache-interpolation-spacing": [
    1,
  ],
  "vue/no-arrow-functions-in-watch": [
    2,
  ],
  "vue/no-async-in-computed-properties": [
    2,
  ],
  "vue/no-child-content": [
    2,
  ],
  "vue/no-computed-properties-in-data": [
    2,
  ],
  "vue/no-custom-modifiers-on-v-model": [
    2,
  ],
  "vue/no-dupe-keys": [
    2,
  ],
  "vue/no-dupe-v-else-if": [
    2,
  ],
  "vue/no-duplicate-attributes": [
    2,
  ],
  "vue/no-export-in-script-setup": [
    2,
  ],
  "vue/no-multi-spaces": [
    1,
  ],
  "vue/no-multiple-template-root": [
    2,
  ],
  "vue/no-mutating-props": [
    2,
  ],
  "vue/no-parsing-error": [
    2,
  ],
  "vue/no-ref-as-operand": [
    2,
  ],
  "vue/no-reserved-component-names": [
    2,
  ],
  "vue/no-reserved-keys": [
    2,
  ],
  "vue/no-reserved-props": [
    2,
    {
      "vueVersion": 2,
    },
  ],
  "vue/no-shared-component-data": [
    2,
  ],
  "vue/no-side-effects-in-computed-properties": [
    2,
  ],
  "vue/no-spaces-around-equal-signs-in-attribute": [
    1,
  ],
  "vue/no-template-key": [
    2,
  ],
  "vue/no-template-shadow": [
    1,
  ],
  "vue/no-textarea-mustache": [
    2,
  ],
  "vue/no-unused-components": [
    2,
  ],
  "vue/no-unused-vars": [
    2,
  ],
  "vue/no-use-computed-property-like-method": [
    2,
  ],
  "vue/no-use-v-if-with-v-for": [
    2,
  ],
  "vue/no-useless-template-attributes": [
    2,
  ],
  "vue/no-v-for-template-key": [
    2,
  ],
  "vue/no-v-model-argument": [
    2,
  ],
  "vue/no-v-text-v-html-on-component": [
    2,
  ],
  "vue/one-component-per-file": [
    1,
  ],
  "vue/prop-name-casing": [
    1,
  ],
  "vue/require-component-is": [
    2,
  ],
  "vue/require-default-prop": [
    1,
  ],
  "vue/require-prop-type-constructor": [
    2,
  ],
  "vue/require-prop-types": [
    1,
  ],
  "vue/require-render-return": [
    2,
  ],
  "vue/require-v-for-key": [
    2,
  ],
  "vue/require-valid-default-prop": [
    2,
  ],
  "vue/return-in-computed-property": [
    2,
  ],
  "vue/return-in-emits-validator": [
    2,
  ],
  "vue/singleline-html-element-content-newline": [
    1,
  ],
  "vue/use-v-on-exact": [
    2,
  ],
  "vue/v-bind-style": [
    1,
  ],
  "vue/v-on-style": [
    1,
  ],
  "vue/v-slot-style": [
    1,
  ],
  "vue/valid-attribute-name": [
    2,
  ],
  "vue/valid-define-emits": [
    2,
  ],
  "vue/valid-define-props": [
    2,
  ],
  "vue/valid-model-definition": [
    2,
  ],
  "vue/valid-next-tick": [
    2,
  ],
  "vue/valid-template-root": [
    2,
  ],
  "vue/valid-v-bind": [
    2,
  ],
  "vue/valid-v-bind-sync": [
    2,
  ],
  "vue/valid-v-cloak": [
    2,
  ],
  "vue/valid-v-else": [
    2,
  ],
  "vue/valid-v-else-if": [
    2,
  ],
  "vue/valid-v-for": [
    2,
  ],
  "vue/valid-v-html": [
    2,
  ],
  "vue/valid-v-if": [
    2,
  ],
  "vue/valid-v-model": [
    2,
  ],
  "vue/valid-v-on": [
    2,
  ],
  "vue/valid-v-once": [
    2,
  ],
  "vue/valid-v-pre": [
    2,
  ],
  "vue/valid-v-show": [
    2,
  ],
  "vue/valid-v-slot": [
    2,
  ],
  "vue/valid-v-text": [
    2,
  ],
  "yml/block-mapping": [
    2,
  ],
  "yml/block-mapping-question-indicator-newline": [
    2,
  ],
  "yml/block-sequence": [
    2,
  ],
  "yml/block-sequence-hyphen-indicator-newline": [
    2,
  ],
  "yml/flow-mapping-curly-newline": [
    2,
  ],
  "yml/flow-mapping-curly-spacing": [
    2,
  ],
  "yml/flow-sequence-bracket-newline": [
    2,
  ],
  "yml/flow-sequence-bracket-spacing": [
    2,
  ],
  "yml/indent": [
    2,
  ],
  "yml/key-spacing": [
    2,
  ],
  "yml/no-empty-document": [
    2,
  ],
  "yml/no-empty-key": [
    2,
  ],
  "yml/no-empty-mapping-value": [
    2,
  ],
  "yml/no-empty-sequence-entry": [
    2,
  ],
  "yml/no-irregular-whitespace": [
    2,
  ],
  "yml/no-tab-indent": [
    2,
  ],
  "yml/plain-scalar": [
    2,
  ],
  "yml/quotes": [
    2,
  ],
  "yml/spaced-comment": [
    2,
  ],
  "yml/vue-custom-block/no-parsing-error": [
    2,
  ],
  "yoda": [
    0,
    "never",
    {
      "exceptRange": false,
      "onlyEquality": false,
    },
  ],
}
`;
